TEST FAILURE REPORT
Generated: 2025-10-30 23:41:42
Total Failures: 0

No failures! All tests passed.
